../Core/Src/main.c:74:1:__io_putchar	16	static
../Core/Src/main.c:120:5:main	48	static
../Core/Src/main.c:215:6:Task_ReadSensors	40	static
../Core/Src/main.c:241:7:ReadCompassAngle	8	static
../Core/Src/main.c:250:6:SystemClock_Config	88	static
../Core/Src/main.c:292:13:MX_I2C1_Init	8	static
../Core/Src/main.c:326:13:MX_TIM2_Init	32	static
../Core/Src/main.c:371:13:MX_TIM3_Init	64	static
../Core/Src/main.c:430:13:MX_TIM4_Init	48	static
../Core/Src/main.c:479:13:MX_TIM5_Init	32	static
../Core/Src/main.c:524:13:MX_USART2_UART_Init	8	static
../Core/Src/main.c:557:13:MX_USART3_UART_Init	8	static
../Core/Src/main.c:588:13:MX_DMA_Init	16	static
../Core/Src/main.c:609:13:MX_GPIO_Init	40	static
../Core/Src/main.c:655:6:StartDefaultTask	16	static
../Core/Src/main.c:670:6:Error_Handler	4	static,ignoring_inline_asm
